// Jest Snapshot v1, https://goo.gl/fbAQLP

exports[`Testing search song by name Playlist UI render correctly 1`] = `
<View
  style={
    Object {
      "flex": 1,
    }
  }
>
  <ViewManagerAdapter_ExpoLinearGradient
    proxiedProperties={
      Object {
        "colors": Array [
          4278190080,
          4285913823,
        ],
        "endPoint": undefined,
        "locations": undefined,
        "startPoint": undefined,
      }
    }
    style={
      Object {
        "height": "100%",
        "left": 0,
        "position": "absolute",
        "right": 0,
        "top": "50%",
        "zIndex": -10,
      }
    }
  />
  <RCTSafeAreaView
    emulateUnlessSupported={true}
    style={
      Object {
        "alignItems": "center",
        "display": "flex",
        "flex": 1,
        "paddingTop": null,
        "width": "100%",
      }
    }
  >
    <View
      style={
        Object {
          "left": 10,
          "position": "absolute",
          "top": 80,
          "zIndex": 10,
        }
      }
    >
      <Text
        style={
          Object {
            "color": "#fff",
            "fontSize": 30,
            "fontWeight": "600",
          }
        }
      >
        
         
      </Text>
    </View>
    <View
      style={
        Object {
          "left": 10,
          "position": "absolute",
          "top": 130,
          "zIndex": 10,
        }
      }
    >
      <Text
        style={
          Object {
            "color": "#fff",
            "fontSize": 15,
            "fontWeight": "600",
          }
        }
      >
        Youâ€™re well on your way to living a happier life, Soundminder.
      </Text>
    </View>
    <View>
      <Image
        blurRadius={2}
        source={1}
        style={
          Object {
            "height": "210px",
            "resizeMode": "contain",
            "width": "100vw",
          }
        }
      />
    </View>
    <RCTScrollView
      data={null}
      disableVirtualization={false}
      getItem={[Function]}
      getItemCount={[Function]}
      horizontal={false}
      initialNumToRender={10}
      keyExtractor={[Function]}
      maxToRenderPerBatch={10}
      onContentSizeChange={[Function]}
      onEndReachedThreshold={2}
      onLayout={[Function]}
      onMomentumScrollEnd={[Function]}
      onScroll={[Function]}
      onScrollBeginDrag={[Function]}
      onScrollEndDrag={[Function]}
      removeClippedSubviews={false}
      renderItem={[Function]}
      scrollEventThrottle={50}
      stickyHeaderIndices={Array []}
      style={
        Object {
          "width": "100%",
        }
      }
      updateCellsBatchingPeriod={50}
      viewabilityConfigCallbackPairs={Array []}
      windowSize={21}
    >
      <View />
    </RCTScrollView>
    <View
      style={
        Object {
          "alignItems": "center",
          "display": "flex",
          "justifyContent": "center",
        }
      }
    >
      <View
        style={
          Object {
            "height": "auto",
            "width": "90%",
          }
        }
      >
        <Modal
          animationType="slide"
          hardwareAccelerated={false}
          onRequestClose={[Function]}
          transparent={true}
          visible={false}
        >
          <View
            style={
              Object {
                "backgroundColor": "rgba(0, 0, 0, 0.5)",
                "height": "100%",
              }
            }
          >
            <View
              style={
                Object {
                  "bottom": "2%",
                  "left": "2%",
                  "margin": "0%",
                  "position": "absolute",
                  "right": "2%",
                }
              }
            >
              <View
                style={
                  Object {
                    "alignItems": "center",
                    "bottom": "0%",
                    "flex": 1,
                    "height": "auto",
                    "justifyContent": "center",
                    "width": "100%",
                  }
                }
              >
                <View
                  style={
                    Object {
                      "alignItems": "center",
                      "backgroundColor": "white",
                      "borderRadius": 20,
                      "elevation": 5,
                      "height": "auto",
                      "width": "96%",
                    }
                  }
                >
                  <View
                    style={
                      Object {
                        "height": "180px",
                        "marginHorizontal": 5,
                        "marginVertical": 40,
                        "width": "100%",
                      }
                    }
                  >
                    <Image
                      style={
                        Object {
                          "borderRadius": 10,
                          "height": "100%",
                          "resizeMode": "contain",
                          "width": "100%",
                        }
                      }
                    />
                  </View>
                  <View
                    style={
                      Object {
                        "width": "96%",
                      }
                    }
                  >
                    <Text
                      style={
                        Object {
                          "fontSize": 20,
                          "fontWeight": "bold",
                          "textAlign": "center",
                        }
                      }
                    />
                  </View>
                  <View
                    style={
                      Object {
                        "marginBottom": 20,
                      }
                    }
                  >
                    <Text
                      style={
                        Object {
                          "fontSize": 17,
                        }
                      }
                    >
                      Playlist | My Playlist
                    </Text>
                  </View>
                  <View
                    accessible={true}
                    focusable={true}
                    onClick={[Function]}
                    onResponderGrant={[Function]}
                    onResponderMove={[Function]}
                    onResponderRelease={[Function]}
                    onResponderTerminate={[Function]}
                    onResponderTerminationRequest={[Function]}
                    onStartShouldSetResponder={[Function]}
                    style={
                      Object {
                        "alignItems": "center",
                        "justifyContent": "center",
                        "marginVertical": 20,
                        "opacity": 1,
                      }
                    }
                  >
                    <ViewManagerAdapter_ExpoLinearGradient
                      proxiedProperties={
                        Object {
                          "colors": Array [
                            3959095551,
                            4062629591,
                          ],
                          "endPoint": undefined,
                          "locations": undefined,
                          "startPoint": undefined,
                        }
                      }
                      style={
                        Object {
                          "alignItems": "center",
                          "backgroundColor": "#2196f3",
                          "borderRadius": 100,
                          "height": 70,
                          "justifyContent": "center",
                          "shadowOffset": Object {
                            "height": 0,
                            "width": 0,
                          },
                          "shadowOpacity": 0.25,
                          "shadowRadius": 30,
                          "width": 70,
                        }
                      }
                    >
                      <Text />
                    </ViewManagerAdapter_ExpoLinearGradient>
                  </View>
                </View>
                <View
                  style={
                    Object {
                      "alignItems": "center",
                      "backgroundColor": "white",
                      "borderRadius": 20,
                      "height": "auto",
                      "marginTop": 10,
                      "width": "96%",
                    }
                  }
                >
                  <View
                    accessible={true}
                    collapsable={false}
                    focusable={true}
                    onBlur={[Function]}
                    onClick={[Function]}
                    onFocus={[Function]}
                    onResponderGrant={[Function]}
                    onResponderMove={[Function]}
                    onResponderRelease={[Function]}
                    onResponderTerminate={[Function]}
                    onResponderTerminationRequest={[Function]}
                    onStartShouldSetResponder={[Function]}
                    style={
                      Object {
                        "padding": 15,
                      }
                    }
                  >
                    <Text
                      style={
                        Object {
                          "color": "#ff0000",
                          "fontSize": 18,
                        }
                      }
                    >
                      Remove From Playlist
                    </Text>
                  </View>
                </View>
                <View
                  style={
                    Object {
                      "alignItems": "center",
                      "backgroundColor": "white",
                      "borderRadius": 20,
                      "height": "auto",
                      "marginTop": 10,
                      "width": "96%",
                    }
                  }
                >
                  <View
                    accessible={true}
                    collapsable={false}
                    focusable={true}
                    onBlur={[Function]}
                    onClick={[Function]}
                    onFocus={[Function]}
                    onResponderGrant={[Function]}
                    onResponderMove={[Function]}
                    onResponderRelease={[Function]}
                    onResponderTerminate={[Function]}
                    onResponderTerminationRequest={[Function]}
                    onStartShouldSetResponder={[Function]}
                    style={
                      Object {
                        "padding": 15,
                      }
                    }
                  >
                    <Text
                      style={
                        Object {
                          "color": "#000",
                          "fontSize": 18,
                        }
                      }
                    >
                      Close
                    </Text>
                  </View>
                </View>
              </View>
            </View>
          </View>
        </Modal>
      </View>
    </View>
    <View
      accessible={true}
      focusable={false}
      onClick={[Function]}
      onResponderGrant={[Function]}
      onResponderMove={[Function]}
      onResponderRelease={[Function]}
      onResponderTerminate={[Function]}
      onResponderTerminationRequest={[Function]}
      onStartShouldSetResponder={[Function]}
      style={
        Object {
          "bottom": 20,
          "opacity": 1,
          "position": "absolute",
          "right": 20,
        }
      }
    >
      <ViewManagerAdapter_ExpoLinearGradient
        proxiedProperties={
          Object {
            "colors": Array [
              3959095551,
              4062629591,
            ],
            "endPoint": undefined,
            "locations": undefined,
            "startPoint": undefined,
          }
        }
        style={
          Object {
            "alignItems": "center",
            "backgroundColor": "#2196f3",
            "borderColor": "#2196f3",
            "borderRadius": 100,
            "borderWidth": 1,
            "height": 70,
            "justifyContent": "center",
            "shadowOffset": Object {
              "height": 0,
              "width": 0,
            },
            "shadowOpacity": 0.25,
            "shadowRadius": 30,
            "width": 70,
          }
        }
      >
        <Text />
      </ViewManagerAdapter_ExpoLinearGradient>
    </View>
  </RCTSafeAreaView>
</View>
`;
