// Jest Snapshot v1, https://goo.gl/fbAQLP

exports[`Testing search song by name Signin UI render correctly 1`] = `
<View
  style={
    Array [
      Object {
        "backgroundColor": "#fff",
      },
      Object {
        "alignItems": "center",
        "flex": 1,
        "justifyContent": "center",
      },
    ]
  }
>
  <ViewManagerAdapter_ExpoLinearGradient
    proxiedProperties={
      Object {
        "colors": Array [
          4280690214,
          4285913823,
        ],
        "endPoint": undefined,
        "locations": undefined,
        "startPoint": undefined,
      }
    }
    style={
      Object {
        "height": "100%",
        "left": 0,
        "position": "absolute",
        "right": 0,
        "top": 0,
      }
    }
  />
  <View
    style={
      Array [
        Object {
          "backgroundColor": "#fff",
        },
        Object {
          "backgroundColor": "#ffffff69",
          "borderTopLeftRadius": 20,
          "borderTopRightRadius": 20,
          "bottom": 0,
          "height": "auto",
          "position": "absolute",
          "width": "100%",
        },
      ]
    }
  >
    <Text
      style={
        Object {
          "color": "#4a4141",
          "fontSize": 22,
          "fontWeight": "700",
          "marginLeft": "10%",
          "marginTop": 40,
        }
      }
    >
      Signup
    </Text>
    <Text
      style={
        Object {
          "color": "#4a4141",
          "fontSize": 15,
          "fontWeight": "600",
          "marginLeft": "10%",
          "marginTop": 40,
        }
      }
    >
      User Name
    </Text>
    <View
      style={
        Array [
          Object {
            "backgroundColor": "#fff",
          },
          Object {
            "alignItems": "center",
            "backgroundColor": "none",
            "height": "auto",
            "justifyContent": "center",
            "width": "100%",
          },
        ]
      }
    >
      <View
        style={
          Array [
            Object {
              "backgroundColor": "#fff",
            },
            Object {
              "borderRadius": 10,
              "height": "50px",
              "marginTop": "10px",
              "shadowOffset": Object {
                "height": 0,
                "width": 0,
              },
              "shadowOpacity": 0.25,
              "shadowRadius": 30,
              "width": "80%",
            },
          ]
        }
      >
        <TextInput
          allowFontScaling={true}
          onChange={[Function]}
          placeholder="User Name"
          rejectResponderTermination={true}
          secureTextEntry={false}
          style={
            Object {
              "height": "100%",
              "padding": "10px",
            }
          }
          underlineColorAndroid="transparent"
        />
      </View>
    </View>
    <Text
      style={
        Object {
          "color": "#4a4141",
          "fontSize": 15,
          "fontWeight": "600",
          "marginLeft": "10%",
          "marginTop": 20,
        }
      }
    >
      Mobile Number
    </Text>
    <View
      style={
        Array [
          Object {
            "backgroundColor": "#fff",
          },
          Object {
            "alignItems": "center",
            "backgroundColor": "none",
            "height": "auto",
            "justifyContent": "center",
            "width": "100%",
          },
        ]
      }
    >
      <View
        style={
          Array [
            Object {
              "backgroundColor": "#fff",
            },
            Object {
              "borderRadius": 10,
              "height": "50px",
              "marginTop": "10px",
              "shadowOffset": Object {
                "height": 0,
                "width": 0,
              },
              "shadowOpacity": 0.25,
              "shadowRadius": 30,
              "width": "80%",
            },
          ]
        }
      >
        <TextInput
          allowFontScaling={true}
          onChange={[Function]}
          placeholder="077xxxxxxx"
          rejectResponderTermination={true}
          secureTextEntry={false}
          style={
            Object {
              "height": "100%",
              "padding": "10px",
            }
          }
          underlineColorAndroid="transparent"
        />
      </View>
    </View>
    <Text
      style={
        Object {
          "color": "#4a4141",
          "fontSize": 15,
          "fontWeight": "600",
          "marginLeft": "10%",
          "marginTop": 20,
        }
      }
    >
      Password
    </Text>
    <View
      style={
        Array [
          Object {
            "backgroundColor": "#fff",
          },
          Object {
            "alignItems": "center",
            "backgroundColor": "none",
            "height": "auto",
            "justifyContent": "center",
            "width": "100%",
          },
        ]
      }
    >
      <View
        style={
          Array [
            Object {
              "backgroundColor": "#fff",
            },
            Object {
              "borderRadius": 10,
              "height": "50px",
              "marginTop": "10px",
              "shadowOffset": Object {
                "height": 0,
                "width": 0,
              },
              "shadowOpacity": 0.25,
              "shadowRadius": 30,
              "width": "80%",
            },
          ]
        }
      >
        <TextInput
          allowFontScaling={true}
          onChange={[Function]}
          placeholder="Password"
          rejectResponderTermination={true}
          secureTextEntry={true}
          style={
            Object {
              "height": "100%",
              "padding": "10px",
            }
          }
          underlineColorAndroid="transparent"
        />
      </View>
    </View>
    <Text
      style={
        Object {
          "color": "#4a4141",
          "fontSize": 15,
          "fontWeight": "600",
          "marginLeft": "10%",
          "marginTop": 20,
        }
      }
    >
      Confirm Password
    </Text>
    <View
      style={
        Array [
          Object {
            "backgroundColor": "#fff",
          },
          Object {
            "alignItems": "center",
            "backgroundColor": "none",
            "height": "auto",
            "justifyContent": "center",
            "width": "100%",
          },
        ]
      }
    >
      <View
        style={
          Array [
            Object {
              "backgroundColor": "#fff",
            },
            Object {
              "borderRadius": 10,
              "height": "50px",
              "marginTop": "10px",
              "shadowOffset": Object {
                "height": 0,
                "width": 0,
              },
              "shadowOpacity": 0.25,
              "shadowRadius": 30,
              "width": "80%",
            },
          ]
        }
      >
        <TextInput
          allowFontScaling={true}
          onChange={[Function]}
          placeholder="Confirem Password"
          rejectResponderTermination={true}
          secureTextEntry={true}
          style={
            Object {
              "height": "100%",
              "padding": "10px",
            }
          }
          underlineColorAndroid="transparent"
        />
      </View>
    </View>
    <View
      style={
        Array [
          Object {
            "backgroundColor": "#fff",
          },
          Object {
            "alignItems": "center",
            "backgroundColor": "none",
            "height": "auto",
            "justifyContent": "center",
            "marginVertical": 15,
            "width": "100%",
          },
        ]
      }
    >
      <View
        accessible={true}
        collapsable={false}
        focusable={true}
        onBlur={[Function]}
        onClick={[Function]}
        onFocus={[Function]}
        onResponderGrant={[Function]}
        onResponderMove={[Function]}
        onResponderRelease={[Function]}
        onResponderTerminate={[Function]}
        onResponderTerminationRequest={[Function]}
        onStartShouldSetResponder={[Function]}
      >
        <Text
          style={
            Object {
              "color": "#4a4141",
              "fontSize": 15,
              "fontWeight": "500",
            }
          }
        >
          Do you have an account? 
          <b>
            Sign in
          </b>
        </Text>
      </View>
    </View>
    <View
      style={
        Array [
          Object {
            "backgroundColor": "#fff",
          },
          Object {
            "alignItems": "center",
            "backgroundColor": "none",
            "height": "auto",
            "justifyContent": "center",
            "marginBottom": 30,
            "marginTop": 10,
            "width": "100%",
          },
        ]
      }
    >
      <View
        accessible={true}
        collapsable={false}
        focusable={true}
        onBlur={[Function]}
        onClick={[Function]}
        onFocus={[Function]}
        onResponderGrant={[Function]}
        onResponderMove={[Function]}
        onResponderRelease={[Function]}
        onResponderTerminate={[Function]}
        onResponderTerminationRequest={[Function]}
        onStartShouldSetResponder={[Function]}
        style={
          Object {
            "alignItems": "center",
            "justifyContent": "center",
            "width": "100%",
          }
        }
      >
        <ViewManagerAdapter_ExpoLinearGradient
          proxiedProperties={
            Object {
              "colors": Array [
                3947933439,
                4062629591,
              ],
              "endPoint": undefined,
              "locations": undefined,
              "startPoint": undefined,
            }
          }
          style={
            Object {
              "alignItems": "center",
              "backgroundColor": "#2196f3",
              "borderColor": "#2196f3",
              "borderRadius": 10,
              "borderWidth": 1,
              "height": "50px",
              "justifyContent": "center",
              "marginTop": 30,
              "shadowOffset": Object {
                "height": 0,
                "width": 0,
              },
              "shadowOpacity": 0.25,
              "shadowRadius": 30,
              "width": "80%",
            }
          }
        >
          <Text
            style={
              Object {
                "color": "#fff",
                "fontSize": 20,
                "fontWeight": "600",
              }
            }
          >
            Sign up
          </Text>
        </ViewManagerAdapter_ExpoLinearGradient>
      </View>
    </View>
  </View>
</View>
`;
