// Jest Snapshot v1, https://goo.gl/fbAQLP

exports[`Testing search song by name Search song UI render correctly 1`] = `
<View
  style={
    Object {
      "flex": 1,
    }
  }
>
  <ViewManagerAdapter_ExpoLinearGradient
    proxiedProperties={
      Object {
        "colors": Array [
          4278190080,
          4285913823,
        ],
        "endPoint": undefined,
        "locations": undefined,
        "startPoint": undefined,
      }
    }
    style={
      Object {
        "height": "100%",
        "left": 0,
        "position": "absolute",
        "right": 0,
        "top": "50%",
        "zIndex": -10,
      }
    }
  />
  <RCTSafeAreaView
    emulateUnlessSupported={true}
    style={
      Object {
        "alignItems": "center",
        "display": "flex",
        "flex": 1,
        "paddingTop": null,
      }
    }
  >
    <View
      style={
        Object {
          "flexDirection": "row",
          "width": "100%",
        }
      }
    >
      <View
        style={
          Object {
            "height": "auto",
            "width": "80%",
          }
        }
      >
        <TextInput
          allowFontScaling={true}
          keyboardType="numeric"
          onChange={[Function]}
          placeholder="Search Songs"
          rejectResponderTermination={true}
          style={
            Object {
              "backgroundColor": "#fff",
              "borderRadius": 5,
              "borderWidth": 1,
              "height": 40,
              "margin": 12,
              "padding": 10,
              "width": "100%",
            }
          }
          underlineColorAndroid="transparent"
        />
      </View>
      <View
        style={
          Object {
            "height": "auto",
            "marginLeft": 5,
            "width": "20%",
          }
        }
      >
        <View
          accessible={true}
          collapsable={false}
          focusable={true}
          onBlur={[Function]}
          onClick={[Function]}
          onFocus={[Function]}
          onResponderGrant={[Function]}
          onResponderMove={[Function]}
          onResponderRelease={[Function]}
          onResponderTerminate={[Function]}
          onResponderTerminationRequest={[Function]}
          onStartShouldSetResponder={[Function]}
          style={
            Object {
              "backgroundColor": "#2196f3",
              "borderRadius": 5,
              "height": 40,
              "margin": 12,
              "width": "70%",
            }
          }
          testID="searchBtn"
        >
          <Text />
        </View>
      </View>
    </View>
    <RCTScrollView
      data={null}
      disableVirtualization={false}
      getItem={[Function]}
      getItemCount={[Function]}
      horizontal={false}
      initialNumToRender={10}
      keyExtractor={[Function]}
      maxToRenderPerBatch={10}
      onContentSizeChange={[Function]}
      onEndReachedThreshold={2}
      onLayout={[Function]}
      onMomentumScrollEnd={[Function]}
      onScroll={[Function]}
      onScrollBeginDrag={[Function]}
      onScrollEndDrag={[Function]}
      removeClippedSubviews={false}
      renderItem={[Function]}
      scrollEventThrottle={50}
      stickyHeaderIndices={Array []}
      updateCellsBatchingPeriod={50}
      viewabilityConfigCallbackPairs={Array []}
      windowSize={21}
    >
      <View />
    </RCTScrollView>
    <View
      style={
        Object {
          "alignItems": "center",
          "display": "flex",
          "justifyContent": "center",
        }
      }
    >
      <View
        style={
          Object {
            "height": "auto",
            "width": "90%",
          }
        }
      >
        <Modal
          animationType="slide"
          hardwareAccelerated={false}
          onRequestClose={[Function]}
          transparent={true}
          visible={false}
        >
          <View
            style={
              Object {
                "backgroundColor": "rgba(0, 0, 0, 0.5)",
                "height": "100%",
              }
            }
          >
            <View
              style={
                Object {
                  "bottom": "2%",
                  "left": "2%",
                  "margin": "0%",
                  "position": "absolute",
                  "right": "2%",
                }
              }
            >
              <View
                style={
                  Object {
                    "alignItems": "center",
                    "bottom": "0%",
                    "flex": 1,
                    "height": "auto",
                    "justifyContent": "center",
                    "width": "100%",
                  }
                }
              >
                <View
                  style={
                    Object {
                      "alignItems": "center",
                      "backgroundColor": "white",
                      "borderRadius": 20,
                      "elevation": 5,
                      "height": "auto",
                      "width": "96%",
                    }
                  }
                >
                  <View
                    style={
                      Object {
                        "height": "180px",
                        "marginHorizontal": 5,
                        "marginVertical": 40,
                        "width": "100%",
                      }
                    }
                  >
                    <Image
                      style={
                        Object {
                          "borderRadius": 10,
                          "height": "100%",
                          "resizeMode": "contain",
                          "width": "100%",
                        }
                      }
                    />
                  </View>
                  <View
                    style={
                      Object {
                        "width": "96%",
                      }
                    }
                  >
                    <Text
                      style={
                        Object {
                          "fontSize": 20,
                          "fontWeight": "bold",
                          "textAlign": "center",
                        }
                      }
                    />
                  </View>
                  <View
                    style={
                      Object {
                        "marginBottom": 20,
                      }
                    }
                  >
                    <Text
                      style={
                        Object {
                          "fontSize": 17,
                        }
                      }
                    >
                      Playlist | ...
                    </Text>
                  </View>
                  <View
                    style={
                      Object {
                        "marginBottom": 20,
                      }
                    }
                  >
                    <View
                      accessible={true}
                      collapsable={false}
                      focusable={true}
                      onBlur={[Function]}
                      onClick={[Function]}
                      onFocus={[Function]}
                      onResponderGrant={[Function]}
                      onResponderMove={[Function]}
                      onResponderRelease={[Function]}
                      onResponderTerminate={[Function]}
                      onResponderTerminationRequest={[Function]}
                      onStartShouldSetResponder={[Function]}
                      style={
                        Object {
                          "alignItems": "center",
                          "backgroundColor": "#2196f3",
                          "borderRadius": 100,
                          "height": 80,
                          "justifyContent": "center",
                          "shadowOffset": Object {
                            "height": 0,
                            "width": 0,
                          },
                          "shadowOpacity": 0.25,
                          "shadowRadius": 30,
                          "width": 80,
                        }
                      }
                    >
                      <Text />
                    </View>
                  </View>
                </View>
                <View
                  style={
                    Object {
                      "alignItems": "center",
                      "backgroundColor": "white",
                      "borderRadius": 20,
                      "height": "auto",
                      "marginTop": 10,
                      "width": "96%",
                    }
                  }
                >
                  <View
                    accessible={true}
                    collapsable={false}
                    focusable={true}
                    onBlur={[Function]}
                    onClick={[Function]}
                    onFocus={[Function]}
                    onResponderGrant={[Function]}
                    onResponderMove={[Function]}
                    onResponderRelease={[Function]}
                    onResponderTerminate={[Function]}
                    onResponderTerminationRequest={[Function]}
                    onStartShouldSetResponder={[Function]}
                    style={
                      Object {
                        "padding": 15,
                      }
                    }
                  >
                    <Text
                      style={
                        Object {
                          "color": "#0001ff",
                          "fontSize": 18,
                        }
                      }
                    >
                      Add To Playlist
                    </Text>
                  </View>
                </View>
                <View
                  style={
                    Object {
                      "alignItems": "center",
                      "backgroundColor": "white",
                      "borderRadius": 20,
                      "height": "auto",
                      "marginTop": 10,
                      "width": "96%",
                    }
                  }
                >
                  <View
                    accessible={true}
                    collapsable={false}
                    focusable={true}
                    onBlur={[Function]}
                    onClick={[Function]}
                    onFocus={[Function]}
                    onResponderGrant={[Function]}
                    onResponderMove={[Function]}
                    onResponderRelease={[Function]}
                    onResponderTerminate={[Function]}
                    onResponderTerminationRequest={[Function]}
                    onStartShouldSetResponder={[Function]}
                    style={
                      Object {
                        "padding": 15,
                      }
                    }
                  >
                    <Text
                      style={
                        Object {
                          "color": "#000",
                          "fontSize": 18,
                        }
                      }
                    >
                      Close
                    </Text>
                  </View>
                </View>
              </View>
            </View>
          </View>
        </Modal>
      </View>
    </View>
  </RCTSafeAreaView>
</View>
`;
