// Jest Snapshot v1, https://goo.gl/fbAQLP

exports[`renders correctly 1`] = `
<View
  style={
    Array [
      Object {
        "backgroundColor": "#fff",
      },
      Object {
        "alignItems": "center",
        "flex": 1,
        "justifyContent": "center",
      },
    ]
  }
>
  <ViewManagerAdapter_ExpoLinearGradient
    proxiedProperties={
      Object {
        "colors": Array [
          4280690214,
          4285913823,
        ],
        "endPoint": undefined,
        "locations": undefined,
        "startPoint": undefined,
      }
    }
    style={
      Object {
        "height": "100%",
        "left": 0,
        "position": "absolute",
        "right": 0,
        "top": 0,
      }
    }
  />
  <View
    style={
      Array [
        Object {
          "backgroundColor": "#fff",
        },
        Object {
          "backgroundColor": "#ffffff69",
          "borderTopLeftRadius": 20,
          "borderTopRightRadius": 20,
          "bottom": 0,
          "height": "auto",
          "position": "absolute",
          "width": "100%",
        },
      ]
    }
  >
    <View
      style={
        Array [
          Object {
            "backgroundColor": "#fff",
          },
          Object {
            "alignContent": "center",
            "alignItems": "center",
            "backgroundColor": "#ffffff69",
            "borderRadius": 100,
            "height": 80,
            "margin": "auto",
            "top": -40,
            "width": 80,
            "zIndex": 1,
          },
        ]
      }
    >
      <Image
        source={1}
        style={
          Object {
            "height": "100%",
            "resizeMode": "stretch",
            "width": "100%",
          }
        }
      />
    </View>
    <Text
      style={
        Object {
          "color": "#4a4141",
          "fontSize": 22,
          "fontWeight": "700",
          "textAlign": "center",
        }
      }
    >
      Welcome to Sound Mind
    </Text>
    <Text
      style={
        Object {
          "color": "#4a4141",
          "fontSize": 15,
          "fontWeight": "600",
          "marginTop": 20,
          "textAlign": "center",
        }
      }
    >
      You're well on your way to living a happier life,soundminder!
    </Text>
    <View
      style={
        Array [
          Object {
            "backgroundColor": "#fff",
          },
          Object {
            "alignContent": "center",
            "alignItems": "center",
            "backgroundColor": "none",
            "height": 210,
            "margin": "auto",
            "marginVertical": 20,
            "width": 330,
            "zIndex": 1,
          },
        ]
      }
    >
      <Image
        source={1}
        style={
          Object {
            "height": "100%",
            "resizeMode": "stretch",
            "width": "100%",
          }
        }
      />
    </View>
    <View
      style={
        Array [
          Object {
            "backgroundColor": "#fff",
          },
          Object {
            "alignItems": "center",
            "backgroundColor": "none",
            "height": "auto",
            "justifyContent": "center",
            "marginBottom": 40,
            "marginTop": 10,
            "width": "100%",
          },
        ]
      }
    >
      <View
        accessible={true}
        collapsable={false}
        focusable={true}
        onBlur={[Function]}
        onClick={[Function]}
        onFocus={[Function]}
        onResponderGrant={[Function]}
        onResponderMove={[Function]}
        onResponderRelease={[Function]}
        onResponderTerminate={[Function]}
        onResponderTerminationRequest={[Function]}
        onStartShouldSetResponder={[Function]}
        style={
          Object {
            "alignItems": "center",
            "justifyContent": "center",
            "width": "100%",
          }
        }
      >
        <ViewManagerAdapter_ExpoLinearGradient
          proxiedProperties={
            Object {
              "colors": Array [
                3947933439,
                4062629591,
              ],
              "endPoint": undefined,
              "locations": undefined,
              "startPoint": undefined,
            }
          }
          style={
            Object {
              "alignItems": "center",
              "backgroundColor": "#2196f3",
              "borderColor": "#2196f3",
              "borderRadius": 10,
              "borderWidth": 1,
              "height": "50px",
              "justifyContent": "center",
              "marginTop": 30,
              "shadowOffset": Object {
                "height": 0,
                "width": 0,
              },
              "shadowOpacity": 0.25,
              "shadowRadius": 30,
              "width": "80%",
            }
          }
        >
          <Text
            style={
              Object {
                "color": "#fff",
                "fontSize": 20,
                "fontWeight": "600",
              }
            }
          >
            Let's get started
          </Text>
        </ViewManagerAdapter_ExpoLinearGradient>
      </View>
    </View>
  </View>
</View>
`;
